
["C:\\Python313\\python.exe", "-X", "utf8", "D:\\Data\\25_ACE\\agents\\MassAgent\\skills\\mass-cycle\\scripts\\bridge.py", "new-era", "explicit-intent-and-grounded-assembly [cycle comp09]", "D:\\Data\\25_ACE\\ARR\\backend\\tmp_mass_check\\_massv2\\diagnostics\\competition-20260906\\comp08-before-dimensions-and-anchoring"]
archived the old board to runs\board-archive-20260906-2022
new era from 20260906-2022: explicit-intent-and-grounded-assembly [cycle comp09]

["C:\\Program Files\\Git\\usr\\bin\\bash.exe", "D:\\Data\\25_ACE\\agents\\MassAgent\\skills\\mass-author\\scripts\\brief.sh"]
487 sentences, 126 verdicts -> D:\Data\25_ACE\ARR\backend\tmp_mass_check\_massv2\runs\board\verdict-ledger.md
[INFO] 2026-09-06 20:22:43,866 numexpr.utils: Note: NumExpr detected 24 cores but "NUMEXPR_MAX_THREADS" not set, so enforcing safe limit of 16.
[INFO] 2026-09-06 20:22:43,866 numexpr.utils: NumExpr defaulting to 16 threads.
brief -> brief.md (39430 bytes)
brief: D:/Data/25_ACE/ARR/backend/tmp_mass_check/_massv2/brief.md (39430 bytes)

["C:\\Program Files\\Git\\usr\\bin\\bash.exe", "D:\\Data\\25_ACE\\agents\\MassAgent\\skills\\mass-validate\\scripts\\validate.sh", "D:\\Data\\25_ACE\\ARR\\backend\\tmp_mass_check\\_massv2\\inputs\\gen-comp09.json"]

=== gen-comp09.json: OK

sentences 6   faults 0
verbs    {'aggregate': 3, 'extrude': 2, 'shape': 2, 'stack': 1, 'interlock': 1}
profiles {}
carve per sentence: 0.00   (기존 코퍼스 0.97)

["C:\\Program Files\\Git\\usr\\bin\\bash.exe", "D:\\Data\\25_ACE\\agents\\MassAgent\\skills\\mass-run\\scripts\\run.sh", "D:\\Data\\25_ACE\\ARR\\backend\\tmp_mass_check\\_massv2\\inputs\\gen-comp09.json", "comp09"]
generation candidates: 8
parti sentences: 8 spoken, 0 with a silent word
gaps that closed before delivery: 0
coverage variants: 32
siting variants: 141
selected 8 from 179 (8 distinct compositions)
compiled 181/181  delivered 3  unlawful 2  implausible 0  crushed 0  cells 5/24
summary: D:/Data/25_ACE/ARR/backend/tmp_mass_check/_massv2/runs/comp09/massv2-summary.json
sheet:   D:/Data/25_ACE/ARR/backend/tmp_mass_check/_massv2/runs/comp09/massv2-sheet.png

["C:\\Python313\\python.exe", "-X", "utf8", "D:\\Data\\25_ACE\\agents\\MassAgent\\skills\\mass-cycle\\scripts\\bridge.py", "book-author-contract", "D:\\Data\\25_ACE\\ARR\\backend\\tmp_mass_check\\_massv2\\runs\\cycle-comp09\\book-author", "12", "book-comp09"]

["C:\\Python313\\python.exe", "-X", "utf8", "D:\\Data\\25_ACE\\agents\\MassAgent\\skills\\mass-cycle\\scripts\\bridge.py", "validate-book", "D:\\Data\\25_ACE\\ARR\\backend\\tmp_mass_check\\_massv2\\inputs\\book-comp09.json", "12"]
validated 12 authored BOOK programs

["C:\\Python313\\python.exe", "-X", "utf8", "D:\\Data\\25_ACE\\agents\\MassAgent\\skills\\mass-cycle\\scripts\\bridge.py", "validate-book", "D:\\Data\\25_ACE\\ARR\\backend\\tmp_mass_check\\_massv2\\inputs\\book-comp09.json", "12"]
validated 12 authored BOOK programs

["C:\\Python313\\python.exe", "-X", "utf8", "manage.py", "generate_maas_creative_100", "--count", "12", "--pnu", "4115011300106840001", "--capacity-ceiling-m2", "1497.877", "--output-root", "tmp_mass_check/c260-book", "--run-id", "book-comp09", "--author-mode", "payload", "--author-payload", "D:\\Data\\25_ACE\\ARR\\backend\\tmp_mass_check\\_massv2\\inputs\\book-comp09.json"]
[INFO] 2026-09-06 20:32:57,714 numexpr.utils: Note: NumExpr detected 24 cores but "NUMEXPR_MAX_THREADS" not set, so enforcing safe limit of 16.
[INFO] 2026-09-06 20:32:57,714 numexpr.utils: NumExpr defaulting to 16 threads.
{"board_png": "D:\\Data\\25_ACE\\ARR\\backend\\tmp_mass_check\\c260-book\\book-comp09\\maas-creative-board.png", "candidate_count": 24, "legal_review_status": "not_evaluated", "paid_author_request_count": 0, "paid_vlm_request_count": 0, "portfolio_json": "D:\\Data\\25_ACE\\ARR\\backend\\tmp_mass_check\\c260-book\\book-comp09\\maas-creative-portfolio.json", "run_directory": "D:\\Data\\25_ACE\\ARR\\backend\\tmp_mass_check\\c260-book\\book-comp09", "run_id": "book-comp09"}

["C:\\Python313\\python.exe", "-X", "utf8", "D:\\Data\\25_ACE\\agents\\MassAgent\\skills\\mass-cycle\\scripts\\bridge.py", "carry-book", "D:\\Data\\25_ACE\\ARR\\backend\\tmp_mass_check\\c260-book\\book-comp09"]

["C:\\Python313\\python.exe", "-X", "utf8", "D:\\Data\\25_ACE\\ARR\\backend\\tmp_mass_check\\_massv2\\tools\\book_import.py", "D:\\Data\\25_ACE\\ARR\\backend\\tmp_mass_check\\c260-book\\book-comp09", "book-comp09"]
[INFO] 2026-09-06 20:33:08,382 numexpr.utils: Note: NumExpr detected 24 cores but "NUMEXPR_MAX_THREADS" not set, so enforcing safe limit of 16.
[INFO] 2026-09-06 20:33:08,382 numexpr.utils: NumExpr defaulting to 16 threads.
[INFO] 2026-09-06 20:33:10,838 land.services.land_api: land_api.get_land_use_info(pnu=4115011300106840001) - calling Vworld APIs
[INFO] 2026-09-06 20:33:10,863 land.services.zoning_mapper: Loaded 21 zoning zones from D:\Data\25_ACE\ARR\backend\land\data\zoning_limits.json
[INFO] 2026-09-06 20:33:11,430 land.services.datum.elevation_api: Opened NGII local DEM: D:/Data/NGII_DEM/seoul_dem.tif (CRS=EPSG:5186, 1770x557)
  skip book-comp09:morph-compact-mid:creative-008: no room in it (crumb_2_shard_volumes)
  skip book-comp09:morph-compact-mid:creative-010: no room in it (crumb_1_shard_volume)
  skip book-comp09:morph-voided-mid:creative-014: authored dimensional intent cannot fit the legal host without resizing
  skip book-comp09:morph-curved-mid:creative-016: BOOK delivered floor measurement: floor_3_original_export_area_mismatch:700.488572883->690.000111358; floor_3_ambiguous_horizontal_skin_at_center:260.238026964; floor_3_authored_export_area_mismatch:700.488573817->690.000111358
  skip book-comp09:morph-voided-low:creative-017: BOOK delivered floor measurement: floor_2_ambiguous_horizontal_skin_at_center:121.067774916
  skip book-comp09:morph-voided-low:creative-018: authored dimensional intent cannot fit the legal host without resizing
  skip book-comp09:morph-voided-mid:creative-020: no room in it (crumb_2_shard_volumes)
  skip book-comp09:morph-voided-mid:creative-021: authored dimensional intent cannot fit the legal host without resizing
  skip book-comp09:morph-voided-mid:creative-022: BOOK delivered floor measurement: floor_3_original_export_area_mismatch:225.839638258->155.424964728; floor_3_ambiguous_horizontal_skin_at_center:78.041145478; floor_3_authored_export_area_mismatch:147.798492883->155.424964728
  skip book-comp09:morph-voided-mid:creative-023: BOOK delivered floor measurement: floor_2_ambiguous_horizontal_skin_at_center:55.671399807
17 tiles staged (17 book + 0 anchors) -> D:\Data\25_ACE\ARR\backend\tmp_mass_check\_massv2\runs\vlm-book-comp09

["C:\\Program Files\\Git\\usr\\bin\\bash.exe", "D:\\Data\\25_ACE\\agents\\MassAgent\\skills\\mass-judge\\scripts\\stage.sh", "comp09", "14"]
8 tiles staged -> D:\Data\25_ACE\ARR\backend\tmp_mass_check\_massv2\runs\vlm-comp09
judges read: D:\Data\25_ACE\ARR\backend\tmp_mass_check\_massv2\runs\vlm-comp09\PROMPT.txt + the tiles; then rerun with --score <their outputs>
stage:  D:/Data/25_ACE/ARR/backend/tmp_mass_check/_massv2/runs/vlm-comp09
jurors: read PROMPT.txt + t*.png there; write r1.txt r2.txt r3.txt; never open key.json

["C:\\Python313\\python.exe", "-X", "utf8", "D:\\Data\\25_ACE\\ARR\\backend\\tmp_mass_check\\_massv2\\tools\\vlm_shortlist.py", "comp09", "--verify", "D:\\Data\\25_ACE\\ARR\\backend\\tmp_mass_check\\_massv2\\runs\\vlm-comp09\\r1.txt"]
ok: 8 tiles bound to scores

["C:\\Python313\\python.exe", "-X", "utf8", "D:\\Data\\25_ACE\\ARR\\backend\\tmp_mass_check\\_massv2\\tools\\vlm_shortlist.py", "comp09", "--verify", "D:\\Data\\25_ACE\\ARR\\backend\\tmp_mass_check\\_massv2\\runs\\vlm-comp09\\r2.txt"]
ok: 8 tiles bound to scores

["C:\\Python313\\python.exe", "-X", "utf8", "D:\\Data\\25_ACE\\ARR\\backend\\tmp_mass_check\\_massv2\\tools\\vlm_shortlist.py", "comp09", "--verify", "D:\\Data\\25_ACE\\ARR\\backend\\tmp_mass_check\\_massv2\\runs\\vlm-comp09\\r3.txt"]
ok: 8 tiles bound to scores

["C:\\Python313\\python.exe", "-X", "utf8", "D:\\Data\\25_ACE\\ARR\\backend\\tmp_mass_check\\_massv2\\tools\\vlm_shortlist.py", "book-comp09", "--verify", "D:\\Data\\25_ACE\\ARR\\backend\\tmp_mass_check\\_massv2\\runs\\vlm-book-comp09\\r1.txt"]
ok: 17 tiles bound to scores

["C:\\Python313\\python.exe", "-X", "utf8", "D:\\Data\\25_ACE\\ARR\\backend\\tmp_mass_check\\_massv2\\tools\\vlm_shortlist.py", "book-comp09", "--verify", "D:\\Data\\25_ACE\\ARR\\backend\\tmp_mass_check\\_massv2\\runs\\vlm-book-comp09\\r2.txt"]
ok: 17 tiles bound to scores

["C:\\Python313\\python.exe", "-X", "utf8", "D:\\Data\\25_ACE\\ARR\\backend\\tmp_mass_check\\_massv2\\tools\\vlm_shortlist.py", "book-comp09", "--verify", "D:\\Data\\25_ACE\\ARR\\backend\\tmp_mass_check\\_massv2\\runs\\vlm-book-comp09\\r3.txt"]
ok: 17 tiles bound to scores

["C:\\Program Files\\Git\\usr\\bin\\bash.exe", "D:\\Data\\25_ACE\\agents\\MassAgent\\skills\\mass-judge\\scripts\\score.sh", "comp09"]
ok: 8 tiles bound to scores
ok: 8 tiles bound to scores
ok: 8 tiles bound to scores
   4.00  sangok_c04_develop_perforated_base~full_ground^cross_ope
   3.78  sangok_c07_stepped_interlocking_sections~full_ground^cen
   3.75  sangok_c07_continuous_court_section~dispersed_ground^to_
   3.67  loop_butterfly_open__d07_bar+~held_ground^to_open
   3.35  sangok_c07_four_rotated_occupied_blocks~held_ground
   3.05  sangok_c07_offset_paired_bar_levels~full_ground^off_open
   3.00  sangok_c07_inhabited_bridge_between_piers~held_ground^to
   2.72  sangok_c07_grounded_wings_common_roof~full_ground^to_ope
-> D:\Data\25_ACE\ARR\backend\tmp_mass_check\_massv2\runs\vlm-comp09\vlm-shortlist.json
shortlist: D:/Data/25_ACE/ARR/backend/tmp_mass_check/_massv2/runs/vlm-comp09/vlm-shortlist.json

["C:\\Program Files\\Git\\usr\\bin\\bash.exe", "D:\\Data\\25_ACE\\agents\\MassAgent\\skills\\mass-judge\\scripts\\score.sh", "book-comp09"]
ok: 17 tiles bound to scores
ok: 17 tiles bound to scores
ok: 17 tiles bound to scores
   4.25  book:book-comp09:morph-curved-low:creative-001
   4.08  book:book-develop-comp06:exact-authored-development:crea
   4.07  book:book-develop-comp03:exact-authored-development:crea
   3.80  book:book-comp09:morph-compact-mid:creative-007
   3.77  book:book-comp09:morph-compact-mid:creative-009
   3.70  book:book-comp09:morph-compact-low:creative-006
   3.70  book:book-comp09:morph-compact-low:creative-005
   3.70  book:book-develop-comp08:exact-authored-development:crea
   3.55  book:book-comp09:morph-curved-low:creative-013
   3.52  book:book-comp09:morph-compact-mid:creative-011
   3.45  book:book-comp09:morph-curved-mid:creative-004
   3.43  book:book-comp09:morph-compact-mid:creative-019
   3.35  book:book-comp09:morph-compact-mid:creative-012
   3.35  book:book-comp09:morph-oblique-mid:creative-002
   3.00  book:book-comp09:morph-compact-mid:creative-003
   2.63  book:book-comp09:morph-voided-mid:creative-015
   2.55  book:book-comp09:morph-curved-mid:creative-024
-> D:\Data\25_ACE\ARR\backend\tmp_mass_check\_massv2\runs\vlm-book-comp09\vlm-shortlist.json
shortlist: D:/Data/25_ACE/ARR/backend/tmp_mass_check/_massv2/runs/vlm-book-comp09/vlm-shortlist.json

["C:\\Program Files\\Git\\usr\\bin\\bash.exe", "D:\\Data\\25_ACE\\agents\\MassAgent\\skills\\mass-curate\\scripts\\curate.sh"]
BOOK masses seated alongside the authored ones: 15 (best 4.25)
ledger 25 entries, passers 22, board K0 + O22 (one per family)
    O1 4.25 book:book-comp09:morph-curved-low:creative-001
    O2 4.08 book:book-develop-comp06:exact-authored-development:
    O3 4.07 book:book-develop-comp03:exact-authored-development:
    O4 4.00 sangok_c04_develop_perforated_base~full_ground^cross
    O5 3.80 book:book-comp09:morph-compact-mid:creative-007
    O6 3.78 sangok_c07_stepped_interlocking_sections~full_ground
    O7 3.77 book:book-comp09:morph-compact-mid:creative-009
    O8 3.75 sangok_c07_continuous_court_section~dispersed_ground
    O9 3.70 book:book-comp09:morph-compact-low:creative-006
   O10 3.70 book:book-comp09:morph-compact-low:creative-005
   O11 3.70 book:book-develop-comp08:exact-authored-development:
   O12 3.67 loop_butterfly_open__d07_bar+~held_ground^to_open
   O13 3.55 book:book-comp09:morph-curved-low:creative-013
   O14 3.52 book:book-comp09:morph-compact-mid:creative-011
   O15 3.45 book:book-comp09:morph-curved-mid:creative-004
   O16 3.43 book:book-comp09:morph-compact-mid:creative-019
   O17 3.35 sangok_c07_four_rotated_occupied_blocks~held_ground
   O18 3.35 book:book-comp09:morph-compact-mid:creative-012
   O19 3.35 book:book-comp09:morph-oblique-mid:creative-002
   O20 3.05 sangok_c07_offset_paired_bar_levels~full_ground^off_
   O21 3.00 sangok_c07_inhabited_bridge_between_piers~held_groun
   O22 3.00 book:book-comp09:morph-compact-mid:creative-003
    C1   -  one_round_tower^centred
    C2   -  one_wide_slab^centred
    C3   -  slab_on_pilotis^centred
    C4   -  stadium_slab_tower^centred
    C5   -  two_drums_one_court^centred
    C6   -  round_tower_low_plate^centred
    C7   -  lifted_round_disc^centred
    C8   -  drum_that_steps_once^centred
    C9   -  one_gable_bar^centred
   C10   -  twin_gable_bars^centred
   C11   -  one_court_block^centred
board-key: D:/Data/25_ACE/ARR/backend/tmp_mass_check/_massv2/runs/board/board-key.json

["C:\\Program Files\\Git\\usr\\bin\\bash.exe", "D:\\Data\\25_ACE\\agents\\MassAgent\\skills\\mass-board\\scripts\\bake.sh"]
missing and unbakeable: C4 stadium_slab_tower^centred
missing and unbakeable: C6 round_tower_low_plate^centred
baked 29, kept 0 -> D:\Data\25_ACE\ARR\backend\tmp_mass_check\_massv2\runs\board
warning: 4 missing/unbakeable tiles - read runs/bake.out

["C:\\Program Files\\Git\\usr\\bin\\bash.exe", "D:\\Data\\25_ACE\\agents\\MassAgent\\skills\\mass-board\\scripts\\html.sh"]
board.html: D:\Data\25_ACE\ARR\backend\tmp_mass_check\_massv2\runs\board\board.html (418 KB, K0 + O22)

["C:\\Python313\\python.exe", "-X", "utf8", "D:\\Data\\25_ACE\\agents\\MassAgent\\skills\\mass-cycle\\scripts\\bridge.py", "pixel-diff", "D:\\Data\\25_ACE\\ARR\\backend\\tmp_mass_check\\_massv2\\diagnostics\\competition-20260906\\comp08-before-dimensions-and-anchoring", "D:\\Data\\25_ACE\\ARR\\backend\\tmp_mass_check\\_massv2\\runs\\cycle-comp09\\pixel-diff.json"]

["C:\\Python313\\python.exe", "-X", "utf8", "D:\\Data\\25_ACE\\ARR\\backend\\tmp_mass_check\\_massv2\\tools\\study_sheet.py", "comp09", "study-comp09"]
[WARNING] 2026-09-06 20:43:49,714 design.services.site_geometry: VWORLD_API_KEY not set, cannot fetch parcel boundary
[WARNING] 2026-09-06 20:43:49,715 design.services.site_geometry: Vworld unavailable; using the cached real boundary for PNU 4115011300106840001 fetched at 2026-09-06T11:42:40.821619+00:00
[INFO] 2026-09-06 20:43:49,728 land.services.land_api: land_api.get_land_use_info(pnu=4115011300106840001) - calling Vworld APIs
[INFO] 2026-09-06 20:43:49,883 land.services.zoning_mapper: Loaded 21 zoning zones from D:\Data\25_ACE\ARR\backend\land\data\zoning_limits.json
[INFO] 2026-09-06 20:43:51,903 land.services.datum.elevation_api: Opened NGII local DEM: D:/Data/NGII_DEM/seoul_dem.tif (CRS=EPSG:5186, 1770x557)
wrote D:\Data\25_ACE\ARR\backend\tmp_mass_check\_massv2\runs\study-comp09\study.html (3 alternatives, 0 rejected)

["C:\\Python313\\python.exe", "-X", "utf8", "D:\\Data\\25_ACE\\agents\\MassAgent\\skills\\mass-cycle\\scripts\\bridge.py", "book-development-contract", "book:book-comp09:morph-curved-low:creative-001", "a9f195967d9b9a1f4430", "D:\\Data\\25_ACE\\ARR\\backend\\tmp_mass_check\\_massv2\\runs\\cycle-comp09\\book-development-parent-contract.json"]
[INFO] 2026-09-06 20:44:15,356 numexpr.utils: Note: NumExpr detected 24 cores but "NUMEXPR_MAX_THREADS" not set, so enforcing safe limit of 16.
[INFO] 2026-09-06 20:44:15,356 numexpr.utils: NumExpr defaulting to 16 threads.
[INFO] 2026-09-06 20:44:28,742 land.services.land_api: land_api.get_land_use_info(pnu=4115011300106840001) - calling Vworld APIs
[INFO] 2026-09-06 20:44:28,807 land.services.zoning_mapper: Loaded 21 zoning zones from D:\Data\25_ACE\ARR\backend\land\data\zoning_limits.json
[INFO] 2026-09-06 20:44:31,844 land.services.datum.elevation_api: Opened NGII local DEM: D:/Data/NGII_DEM/seoul_dem.tif (CRS=EPSG:5186, 1770x557)

["C:\\Python313\\python.exe", "-X", "utf8", "D:\\Data\\25_ACE\\agents\\MassAgent\\skills\\mass-cycle\\scripts\\bridge.py", "validate-book-development", "D:\\Data\\25_ACE\\ARR\\backend\\tmp_mass_check\\_massv2\\inputs\\book-develop-comp09.json", "4", "D:\\Data\\25_ACE\\ARR\\backend\\tmp_mass_check\\_massv2\\runs\\cycle-comp09\\book-development-parent-contract.json"]

["C:\\Python313\\python.exe", "-X", "utf8", "manage.py", "generate_maas_creative_100", "--count", "4", "--pnu", "4115011300106840001", "--capacity-ceiling-m2", "1497.877", "--output-root", "tmp_mass_check/c260-book", "--run-id", "book-develop-comp09", "--author-mode", "payload", "--author-payload", "D:\\Data\\25_ACE\\ARR\\backend\\tmp_mass_check\\_massv2\\inputs\\book-develop-comp09.json", "--development-parent-contract", "D:\\Data\\25_ACE\\ARR\\backend\\tmp_mass_check\\_massv2\\runs\\cycle-comp09\\book-development-parent-contract.json"]
[INFO] 2026-09-06 20:48:48,517 numexpr.utils: Note: NumExpr detected 24 cores but "NUMEXPR_MAX_THREADS" not set, so enforcing safe limit of 16.
[INFO] 2026-09-06 20:48:48,517 numexpr.utils: NumExpr defaulting to 16 threads.
{"board_png": "D:\\Data\\25_ACE\\ARR\\backend\\tmp_mass_check\\c260-book\\book-develop-comp09\\maas-creative-board.png", "candidate_count": 4, "legal_review_status": "not_evaluated", "paid_author_request_count": 0, "paid_vlm_request_count": 0, "portfolio_json": "D:\\Data\\25_ACE\\ARR\\backend\\tmp_mass_check\\c260-book\\book-develop-comp09\\maas-creative-portfolio.json", "run_directory": "D:\\Data\\25_ACE\\ARR\\backend\\tmp_mass_check\\c260-book\\book-develop-comp09", "run_id": "book-develop-comp09"}

["C:\\Python313\\python.exe", "-X", "utf8", "D:\\Data\\25_ACE\\ARR\\backend\\tmp_mass_check\\_massv2\\tools\\book_import.py", "D:\\Data\\25_ACE\\ARR\\backend\\tmp_mass_check\\c260-book\\book-develop-comp09", "book-develop-comp09"]
[INFO] 2026-09-06 20:48:54,161 numexpr.utils: Note: NumExpr detected 24 cores but "NUMEXPR_MAX_THREADS" not set, so enforcing safe limit of 16.
[INFO] 2026-09-06 20:48:54,161 numexpr.utils: NumExpr defaulting to 16 threads.
[INFO] 2026-09-06 20:48:57,425 land.services.land_api: land_api.get_land_use_info(pnu=4115011300106840001) - calling Vworld APIs
[INFO] 2026-09-06 20:48:57,458 land.services.zoning_mapper: Loaded 21 zoning zones from D:\Data\25_ACE\ARR\backend\land\data\zoning_limits.json
[INFO] 2026-09-06 20:48:58,167 land.services.datum.elevation_api: Opened NGII local DEM: D:/Data/NGII_DEM/seoul_dem.tif (CRS=EPSG:5186, 1770x557)
  skip book-develop-comp09:exact-authored-development:creative-001: BOOK delivered floor measurement: floor_3_authored_export_area_mismatch:332.659415118->332.659419296
6 tiles staged (3 book + 3 anchors) -> D:\Data\25_ACE\ARR\backend\tmp_mass_check\_massv2\runs\vlm-book-develop-comp09

["C:\\Python313\\python.exe", "-X", "utf8", "D:\\Data\\25_ACE\\agents\\MassAgent\\skills\\mass-cycle\\scripts\\bridge.py", "book-pairs", "book:book-comp09:morph-curved-low:creative-001", "book-develop-comp09", "D:\\Data\\25_ACE\\ARR\\backend\\tmp_mass_check\\_massv2\\runs\\develop-comp09-book-exact", "a9f195967d9b9a1f4430"]
[INFO] 2026-09-06 20:49:05,527 numexpr.utils: Note: NumExpr detected 24 cores but "NUMEXPR_MAX_THREADS" not set, so enforcing safe limit of 16.
[INFO] 2026-09-06 20:49:05,527 numexpr.utils: NumExpr defaulting to 16 threads.
[INFO] 2026-09-06 20:49:08,075 land.services.land_api: land_api.get_land_use_info(pnu=4115011300106840001) - calling Vworld APIs
[INFO] 2026-09-06 20:49:08,118 land.services.zoning_mapper: Loaded 21 zoning zones from D:\Data\25_ACE\ARR\backend\land\data\zoning_limits.json
[INFO] 2026-09-06 20:49:08,863 land.services.datum.elevation_api: Opened NGII local DEM: D:/Data/NGII_DEM/seoul_dem.tif (CRS=EPSG:5186, 1770x557)

["C:\\Python313\\python.exe", "-X", "utf8", "D:\\Data\\25_ACE\\agents\\MassAgent\\skills\\mass-cycle\\scripts\\bridge.py", "score-book", "D:\\Data\\25_ACE\\ARR\\backend\\tmp_mass_check\\_massv2\\runs\\develop-comp09-book-exact", "D:\\Data\\25_ACE\\ARR\\backend\\tmp_mass_check\\_massv2\\runs\\develop-comp09-book-exact\\pairs\\r1.txt", "D:\\Data\\25_ACE\\ARR\\backend\\tmp_mass_check\\_massv2\\runs\\develop-comp09-book-exact\\pairs\\r2.txt", "D:\\Data\\25_ACE\\ARR\\backend\\tmp_mass_check\\_massv2\\runs\\develop-comp09-book-exact\\pairs\\r3.txt"]
